22:11:25 **** Build of configuration Debug for project linux_mul ****
make all 
Building file: ../src/helloworld.c
Invoking: ARM v7 Linux gcc compiler
arm-linux-gnueabihf-gcc -Wall -O0 -g3 -c -fmessage-length=0 -MT"src/helloworld.o" -MMD -MP -MF"src/helloworld.d" -MT"src/helloworld.o" -o "src/helloworld.o" "../src/helloworld.c"
Finished building: ../src/helloworld.c
 
Building target: linux_mul.elf
Invoking: ARM v7 Linux gcc linker
arm-linux-gnueabihf-gcc  -o "linux_mul.elf"  ./src/helloworld.o   
Finished building target: linux_mul.elf
 
Invoking: ARM v7 Linux Print Size
arm-linux-gnueabihf-size linux_mul.elf  |tee "linux_mul.elf.size"
   text	   data	    bss	    dec	    hex	filename
    852	    280	      4	   1136	    470	linux_mul.elf
Finished building: linux_mul.elf.size
 

22:11:25 Build Finished (took 469ms)

22:35:16 **** Incremental Build of configuration Debug for project linux_mul ****
make all 
make: Цель «all» не требует выполнения команд.
