21:04:14 **** Build of configuration Debug for project test_ip ****
make pre-build main-build 
a9-linaro-pre-build-step
 
Building file: ../src/main_project.c
Invoking: ARM v7 gcc compiler
arm-none-eabi-gcc -Wall -O0 -g3 -c -fmessage-length=0 -MT"src/main_project.o" -mcpu=cortex-a9 -mfpu=vfpv3 -mfloat-abi=hard -I../../standalone_bsp_0/ps7_cortexa9_0/include -MMD -MP -MF"src/main_project.d" -MT"src/main_project.o" -o "src/main_project.o" "../src/main_project.c"
Finished building: ../src/main_project.c
 
Building file: ../src/main_project_argument.c
Invoking: ARM v7 gcc compiler
arm-none-eabi-gcc -Wall -O0 -g3 -c -fmessage-length=0 -MT"src/main_project_argument.o" -mcpu=cortex-a9 -mfpu=vfpv3 -mfloat-abi=hard -I../../standalone_bsp_0/ps7_cortexa9_0/include -MMD -MP -MF"src/main_project_argument.d" -MT"src/main_project_argument.o" -o "src/main_project_argument.o" "../src/main_project_argument.c"
Finished building: ../src/main_project_argument.c
 
Building target: test_ip.elf
Invoking: ARM v7 gcc linker
arm-none-eabi-gcc -mcpu=cortex-a9 -mfpu=vfpv3 -mfloat-abi=hard -Wl,-build-id=none -specs=Xilinx.spec -Wl,-T -Wl,../src/lscript.ld -L../../standalone_bsp_0/ps7_cortexa9_0/lib -o "test_ip.elf"  ./src/main_project.o ./src/main_project_argument.o   -Wl,--start-group,-lxil,-lgcc,-lc,--end-group
Finished building target: test_ip.elf
 
Invoking: ARM v7 Print Size
arm-none-eabi-size test_ip.elf  |tee "test_ip.elf.size"
   text	   data	    bss	    dec	    hex	filename
  70728	   2580	  23328	  96636	  1797c	test_ip.elf
Finished building: test_ip.elf.size
 

21:04:15 Build Finished (took 462ms)

